id: 1
data: {"t":"c","v":"It"}

id: 2
data: {"t":"c","v":" sounds"}

id: 3
data: {"t":"c","v":" like"}

id: 4
data: {"t":"c","v":" you"}

id: 5
data: {"t":"c","v":"’re"}

id: 6
data: {"t":"c","v":" looking"}

id: 7
data: {"t":"c","v":" for"}

id: 8
data: {"t":"c","v":" something"}

id: 9
data: {"t":"c","v":" specific"}

id: 10
data: {"t":"c","v":"!"}

id: 11
data: {"t":"c","v":" Could"}

id: 12
data: {"t":"c","v":" you"}

id: 13
data: {"t":"c","v":" share"}

id: 14
data: {"t":"c","v":" a"}

id: 15
data: {"t":"c","v":" bit"}

id: 16
data: {"t":"c","v":" more"}

id: 17
data: {"t":"c","v":" about"}

id: 18
data: {"t":"c","v":" the"}

id: 19
data: {"t":"c","v":" topic"}

id: 20
data: {"t":"c","v":" or"}

id: 21
data: {"t":"c","v":" theme"}

id: 22
data: {"t":"c","v":"?"}

id: 23
data: {"t":"c","v":" Are"}

id: 24
data: {"t":"c","v":" you"}

id: 25
data: {"t":"c","v":" thinking"}

id: 26
data: {"t":"c","v":" about"}

id: 27
data: {"t":"c","v":" wedding"}

id: 28
data: {"t":"c","v":" planning"}

id: 29
data: {"t":"c","v":","}

id: 30
data: {"t":"c","v":" bridal"}

id: 31
data: {"t":"c","v":" fashion"}

id: 32
data: {"t":"c","v":","}

id: 33
data: {"t":"c","v":" cultural"}

id: 34
data: {"t":"c","v":" traditions"}

id: 35
data: {"t":"c","v":","}

id: 36
data: {"t":"c","v":" or"}

id: 37
data: {"t":"c","v":" something"}

id: 38
data: {"t":"c","v":" else"}

id: 39
data: {"t":"c","v":" within"}

id: 40
data: {"t":"c","v":" the"}

id: 41
data: {"t":"c","v":" wedding"}

id: 42
data: {"t":"c","v":" scope"}

id: 43
data: {"t":"c","v":"?"}

id: 44
data: {"t":"c","v":" Let"}

id: 45
data: {"t":"c","v":" me"}

id: 46
data: {"t":"c","v":" know"}

id: 47
data: {"t":"c","v":","}

id: 48
data: {"t":"c","v":" and"}

id: 49
data: {"t":"c","v":" I"}

id: 50
data: {"t":"c","v":"’ll"}

id: 51
data: {"t":"c","v":" guide"}

id: 52
data: {"t":"c","v":" you"}

id: 53
data: {"t":"c","v":"!"}

id: 54
data: {"t":"d","text":"It sounds like you’re looking for something specific! Could you share a bit more about the topic or theme? Are you thinking about wedding planning, bridal fashion, cultural traditions, or something else within the wedding scope? Let me know, and I’ll guide you!","toolActions":[],"mode":"assistant","detectedLanguage":"en","responseLanguage":"en","audioUrl":null,"imageUrl":null,"imageUrls":[],"products":[],"productsHasMore":false}

