id: 1
data: {"t":"c","v":"What"}

id: 2
data: {"t":"c","v":" a"}

id: 3
data: {"t":"c","v":" beautiful"}

id: 4
data: {"t":"c","v":" topic"}

id: 5
data: {"t":"c","v":" to"}

id: 6
data: {"t":"c","v":" explore"}

id: 7
data: {"t":"c","v":"!"}

id: 8
data: {"t":"c","v":" Wedding"}

id: 9
data: {"t":"c","v":" traditions"}

id: 10
data: {"t":"c","v":" are"}

id: 11
data: {"t":"c","v":" such"}

id: 12
data: {"t":"c","v":" a"}

id: 13
data: {"t":"c","v":" rich"}

id: 14
data: {"t":"c","v":" tapestry"}

id: 15
data: {"t":"c","v":" of"}

id: 16
data: {"t":"c","v":" culture"}

id: 17
data: {"t":"c","v":","}

id: 18
data: {"t":"c","v":" history"}

id: 19
data: {"t":"c","v":","}

id: 20
data: {"t":"c","v":" and"}

id: 21
data: {"t":"c","v":" symbolism"}

id: 22
data: {"t":"c","v":"."}

id: 23
data: {"t":"c","v":" Every"}

id: 24
data: {"t":"c","v":" culture"}

id: 25
data: {"t":"c","v":" we"}

id: 26
data: {"t":"c","v":"aves"}

id: 27
data: {"t":"c","v":" its"}

id: 28
data: {"t":"c","v":" unique"}

id: 29
data: {"t":"c","v":" identity"}

id: 30
data: {"t":"c","v":" into"}

id: 31
data: {"t":"c","v":" the"}

id: 32
data: {"t":"c","v":" celebration"}

id: 33
data: {"t":"c","v":","}

id: 34
data: {"t":"c","v":" and"}

id: 35
data: {"t":"c","v":" these"}

id: 36
data: {"t":"c","v":" rituals"}

id: 37
data: {"t":"c","v":" often"}

id: 38
data: {"t":"c","v":" express"}

id: 39
data: {"t":"c","v":" profound"}

id: 40
data: {"t":"c","v":" meanings"}

id: 41
data: {"t":"c","v":" about"}

id: 42
data: {"t":"c","v":" love"}

id: 43
data: {"t":"c","v":","}

id: 44
data: {"t":"c","v":" family"}

id: 45
data: {"t":"c","v":","}

id: 46
data: {"t":"c","v":" and"}

id: 47
data: {"t":"c","v":" community"}

id: 48
data: {"t":"c","v":"."}

id: 49
data: {"t":"c","v":" Let"}

id: 50
data: {"t":"c","v":"’s"}

id: 51
data: {"t":"c","v":" take"}

id: 52
data: {"t":"c","v":" a"}

id: 53
data: {"t":"c","v":" look"}

id: 54
data: {"t":"c","v":" at"}

id: 55
data: {"t":"c","v":" a"}

id: 56
data: {"t":"c","v":" few"}

id: 57
data: {"t":"c","v":" fascinating"}

id: 58
data: {"t":"c","v":" traditions"}

id: 59
data: {"t":"c","v":" from"}

id: 60
data: {"t":"c","v":" around"}

id: 61
data: {"t":"c","v":" the"}

id: 62
data: {"t":"c","v":" world"}

id: 63
data: {"t":"c","v":":\n\n"}

id: 64
data: {"t":"c","v":"1"}

id: 65
data: {"t":"c","v":"."}

id: 66
data: {"t":"c","v":" **"}

id: 67
data: {"t":"c","v":"India"}

id: 68
data: {"t":"c","v":"**"}

id: 69
data: {"t":"c","v":":"}

id: 70
data: {"t":"c","v":" Indian"}

id: 71
data: {"t":"c","v":" weddings"}

id: 72
data: {"t":"c","v":" are"}

id: 73
data: {"t":"c","v":" vibrant"}

id: 74
data: {"t":"c","v":","}

id: 75
data: {"t":"c","v":" multi"}

id: 76
data: {"t":"c","v":"-day"}

id: 77
data: {"t":"c","v":" celebrations"}

id: 78
data: {"t":"c","v":" filled"}

id: 79
data: {"t":"c","v":" with"}

id: 80
data: {"t":"c","v":" rituals"}

id: 81
data: {"t":"c","v":" that"}

id: 82
data: {"t":"c","v":" vary"}

id: 83
data: {"t":"c","v":" by"}

id: 84
data: {"t":"c","v":" region"}

id: 85
data: {"t":"c","v":" and"}

id: 86
data: {"t":"c","v":" religion"}

id: 87
data: {"t":"c","v":"."}

id: 88
data: {"t":"c","v":" The"}

id: 89
data: {"t":"c","v":" Meh"}

id: 90
data: {"t":"c","v":"ndi"}

id: 91
data: {"t":"c","v":" ceremony"}

id: 92
data: {"t":"c","v":","}

id: 93
data: {"t":"c","v":" where"}

id: 94
data: {"t":"c","v":" intricate"}

id: 95
data: {"t":"c","v":" hen"}

id: 96
data: {"t":"c","v":"na"}

id: 97
data: {"t":"c","v":" designs"}

id: 98
data: {"t":"c","v":" are"}

id: 99
data: {"t":"c","v":" applied"}

id: 100
data: {"t":"c","v":" to"}

id: 101
data: {"t":"c","v":" the"}

id: 102
data: {"t":"c","v":" bride"}

id: 103
data: {"t":"c","v":"'s"}

id: 104
data: {"t":"c","v":" hands"}

id: 105
data: {"t":"c","v":" and"}

id: 106
data: {"t":"c","v":" feet"}

id: 107
data: {"t":"c","v":","}

id: 108
data: {"t":"c","v":" is"}

id: 109
data: {"t":"c","v":" a"}

id: 110
data: {"t":"c","v":" popular"}

id: 111
data: {"t":"c","v":" pre"}

id: 112
data: {"t":"c","v":"-w"}

id: 113
data: {"t":"c","v":"edding"}

id: 114
data: {"t":"c","v":" tradition"}

id: 115
data: {"t":"c","v":" symbol"}

id: 116
data: {"t":"c","v":"izing"}

id: 117
data: {"t":"c","v":" beauty"}

id: 118
data: {"t":"c","v":" and"}

id: 119
data: {"t":"c","v":" joy"}

id: 120
data: {"t":"c","v":"."}

id: 121
data: {"t":"c","v":" The"}

