id: 1
data: {"t":"c","v":"That"}

id: 2
data: {"t":"c","v":" sounds"}

id: 3
data: {"t":"c","v":" like"}

id: 4
data: {"t":"c","v":" quite"}

id: 5
data: {"t":"c","v":" a"}

id: 6
data: {"t":"c","v":" journey"}

id: 7
data: {"t":"c","v":","}

id: 8
data: {"t":"c","v":" but"}

id: 9
data: {"t":"c","v":" I"}

id: 10
data: {"t":"c","v":" actually"}

id: 11
data: {"t":"c","v":" focus"}

id: 12
data: {"t":"c","v":" on"}

id: 13
data: {"t":"c","v":" giving"}

id: 14
data: {"t":"c","v":" practical"}

id: 15
data: {"t":"c","v":","}

id: 16
data: {"t":"c","v":" actionable"}

id: 17
data: {"t":"c","v":" advice"}

id: 18
data: {"t":"c","v":" to"}

id: 19
data: {"t":"c","v":" help"}

id: 20
data: {"t":"c","v":" you"}

id: 21
data: {"t":"c","v":" select"}

id: 22
data: {"t":"c","v":" the"}

id: 23
data: {"t":"c","v":" perfect"}

id: 24
data: {"t":"c","v":" venue"}

id: 25
data: {"t":"c","v":" for"}

id: 26
data: {"t":"c","v":" your"}

id: 27
data: {"t":"c","v":" wedding"}

id: 28
data: {"t":"c","v":"."}

id: 29
data: {"t":"c","v":" Let"}

id: 30
data: {"t":"c","v":"’s"}

id: 31
data: {"t":"c","v":" dive"}

id: 32
data: {"t":"c","v":" into"}

id: 33
data: {"t":"c","v":" your"}

id: 34
data: {"t":"c","v":" specific"}

id: 35
data: {"t":"c","v":" needs"}

id: 36
data: {"t":"c","v":" and"}

id: 37
data: {"t":"c","v":" work"}

id: 38
data: {"t":"c","v":" through"}

id: 39
data: {"t":"c","v":" it"}

id: 40
data: {"t":"c","v":" together"}

id: 41
data: {"t":"c","v":"—"}

id: 42
data: {"t":"c","v":"much"}

id: 43
data: {"t":"c","v":" easier"}

id: 44
data: {"t":"c","v":" and"}

id: 45
data: {"t":"c","v":" more"}

id: 46
data: {"t":"c","v":" productive"}

id: 47
data: {"t":"c","v":" than"}

id: 48
data: {"t":"c","v":" a"}

id: 49
data: {"t":"c","v":" long"}

id: 50
data: {"t":"c","v":" story"}

id: 51
data: {"t":"c","v":"."}

id: 52
data: {"t":"c","v":" \n\n"}

id: 53
data: {"t":"c","v":"Are"}

id: 54
data: {"t":"c","v":" you"}

id: 55
data: {"t":"c","v":" looking"}

id: 56
data: {"t":"c","v":" for"}

id: 57
data: {"t":"c","v":" help"}

id: 58
data: {"t":"c","v":" narrowing"}

id: 59
data: {"t":"c","v":" down"}

id: 60
data: {"t":"c","v":" venue"}

id: 61
data: {"t":"c","v":" options"}

id: 62
data: {"t":"c","v":" or"}

id: 63
data: {"t":"c","v":" knowing"}

id: 64
data: {"t":"c","v":" what"}

id: 65
data: {"t":"c","v":" to"}

id: 66
data: {"t":"c","v":" consider"}

id: 67
data: {"t":"c","v":" when"}

id: 68
data: {"t":"c","v":" picking"}

id: 69
data: {"t":"c","v":" one"}

id: 70
data: {"t":"c","v":"?"}

id: 71
data: {"t":"d","text":"That sounds like quite a journey, but I actually focus on giving practical, actionable advice to help you select the perfect venue for your wedding. Let’s dive into your specific needs and work through it together—much easier and more productive than a long story. \n\nAre you looking for help narrowing down venue options or knowing what to consider when picking one?","toolActions":[],"mode":"chat","detectedLanguage":"en","responseLanguage":"en","audioUrl":null,"imageUrl":null,"imageUrls":[],"products":[],"productsHasMore":false}

