"v":"Since"
"v":" you're"
"v":" not"
"v":" signed"
"v":" in"
"v":","
"v":" I"
"v":" can't"
"v":" save"
"v":" a"
"v":" timeline"
"v":" for"
"v":" you"
"v":","
"v":" but"
"v":" I"
"v":" can"
"v":" guide"
"v":" you"
"v":" through"
"v":" a"
"v":" "
"v":"6"
"v":"-month"
"v":" plan"
"v":"!"
"v":" Here's"
"v":" a"
"v":" breakdown"
"v":" to"
"v":" keep"
"v":" things"
"v":" manageable"
"v":":\n\n"
"v":"###"
"v":" "
"v":"6"
"v":"-M"
"v":"onth"
"v":" Wedding"
"v":" Planning"
"v":" Timeline"
"v":"\n"
"v":"1"
"v":"."
"v":" **"
"v":"Month"
"v":" "
"v":"6"
"v":" ("
"v":"Now"
"v":")**"
"v":"  \n"
"v":"  "
"v":" -"
"v":" Final"
"v":"ize"
"v":" your"
"v":" venue"
"v":" and"
