id: 1
data: {"t":"c","v":"Planning"}

id: 2
data: {"t":"c","v":" your"}

id: 3
data: {"t":"c","v":" engagement"}

id: 4
data: {"t":"c","v":" is"}

id: 5
data: {"t":"c","v":" such"}

id: 6
data: {"t":"c","v":" an"}

id: 7
data: {"t":"c","v":" exciting"}

id: 8
data: {"t":"c","v":" step"}

id: 9
data: {"t":"c","v":"!"}

id: 10
data: {"t":"c","v":" Let"}

id: 11
data: {"t":"c","v":"’s"}

id: 12
data: {"t":"c","v":" break"}

id: 13
data: {"t":"c","v":" it"}

id: 14
data: {"t":"c","v":" into"}

id: 15
data: {"t":"c","v":" manageable"}

id: 16
data: {"t":"c","v":" pieces"}

id: 17
data: {"t":"c","v":" so"}

id: 18
data: {"t":"c","v":" it"}

id: 19
data: {"t":"c","v":" feels"}

id: 20
data: {"t":"c","v":" easier"}

id: 21
data: {"t":"c","v":"."}

id: 22
data: {"t":"c","v":" Here"}

id: 23
data: {"t":"c","v":"’s"}

id: 24
data: {"t":"c","v":" a"}

id: 25
data: {"t":"c","v":" quick"}

id: 26
data: {"t":"c","v":" starting"}

id: 27
data: {"t":"c","v":" checklist"}

id: 28
data: {"t":"c","v":":\n\n"}

id: 29
data: {"t":"c","v":"1"}

id: 30
data: {"t":"c","v":"."}

id: 31
data: {"t":"c","v":" **"}

id: 32
data: {"t":"c","v":"Set"}

id: 33
data: {"t":"c","v":" the"}

id: 34
data: {"t":"c","v":" Date"}

id: 35
data: {"t":"c","v":"**"}

id: 36
data: {"t":"c","v":":"}

id: 37
data: {"t":"c","v":" Decide"}

id: 38
data: {"t":"c","v":" on"}

id: 39
data: {"t":"c","v":" a"}

id: 40
data: {"t":"c","v":" date"}

id: 41
data: {"t":"c","v":" and"}

id: 42
data: {"t":"c","v":" time"}

id: 43
data: {"t":"c","v":" for"}

id: 44
data: {"t":"c","v":" your"}

id: 45
data: {"t":"c","v":" engagement"}

id: 46
data: {"t":"c","v":" celebration"}

id: 47
data: {"t":"c","v":".\n"}

id: 48
data: {"t":"c","v":"2"}

id: 49
data: {"t":"c","v":"."}

id: 50
data: {"t":"c","v":" **"}

id: 51
data: {"t":"c","v":"Choose"}

id: 52
data: {"t":"c","v":" a"}

id: 53
data: {"t":"c","v":" Venue"}

id: 54
data: {"t":"c","v":"**"}

id: 55
data: {"t":"c","v":":"}

id: 56
data: {"t":"c","v":" Will"}

id: 57
data: {"t":"c","v":" it"}

id: 58
data: {"t":"c","v":" be"}

id: 59
data: {"t":"c","v":" at"}

id: 60
data: {"t":"c","v":" home"}

id: 61
data: {"t":"c","v":","}

id: 62
data: {"t":"c","v":" a"}

id: 63
data: {"t":"c","v":" banquet"}

id: 64
data: {"t":"c","v":" hall"}

id: 65
data: {"t":"c","v":","}

id: 66
data: {"t":"c","v":" or"}

id: 67
data: {"t":"c","v":" an"}

id: 68
data: {"t":"c","v":" outdoor"}

id: 69
data: {"t":"c","v":" space"}

id: 70
data: {"t":"c","v":"?"}

id: 71
data: {"t":"c","v":" Ven"}

id: 72
data: {"t":"c","v":"ues"}

id: 73
data: {"t":"c","v":" can"}

id: 74
data: {"t":"c","v":" book"}

id: 75
data: {"t":"c","v":" up"}

id: 76
data: {"t":"c","v":" quickly"}

id: 77
data: {"t":"c","v":","}

id: 78
data: {"t":"c","v":" so"}

id: 79
data: {"t":"c","v":" this"}

id: 80
data: {"t":"c","v":" is"}

id: 81
data: {"t":"c","v":" a"}

id: 82
data: {"t":"c","v":" priority"}

id: 83
data: {"t":"c","v":".\n"}

id: 84
data: {"t":"c","v":"3"}

id: 85
data: {"t":"c","v":"."}

id: 86
data: {"t":"c","v":" **"}

id: 87
data: {"t":"c","v":"Guest"}

id: 88
data: {"t":"c","v":" List"}

id: 89
data: {"t":"c","v":"**"}

id: 90
data: {"t":"c","v":":"}

id: 91
data: {"t":"c","v":" Draft"}

id: 92
data: {"t":"c","v":" a"}

id: 93
data: {"t":"c","v":" list"}

id: 94
data: {"t":"c","v":" of"}

id: 95
data: {"t":"c","v":" who"}

id: 96
data: {"t":"c","v":" you"}

id: 97
data: {"t":"c","v":"’d"}

id: 98
data: {"t":"c","v":" like"}

id: 99
data: {"t":"c","v":" to"}

id: 100
data: {"t":"c","v":" invite"}

id: 101
data: {"t":"c","v":"."}

id: 102
data: {"t":"c","v":" This"}

id: 103
data: {"t":"c","v":" helps"}

id: 104
data: {"t":"c","v":" with"}

id: 105
data: {"t":"c","v":" venue"}

id: 106
data: {"t":"c","v":" size"}

id: 107
data: {"t":"c","v":" and"}

id: 108
data: {"t":"c","v":" catering"}

id: 109
data: {"t":"c","v":" decisions"}

id: 110
data: {"t":"c","v":".\n"}

id: 111
data: {"t":"c","v":"4"}

id: 112
data: {"t":"c","v":"."}

id: 113
data: {"t":"c","v":" **"}

id: 114
data: {"t":"c","v":"Theme"}

id: 115
data: {"t":"c","v":" and"}

id: 116
data: {"t":"c","v":" Style"}

id: 117
data: {"t":"c","v":"**"}

id: 118
data: {"t":"c","v":":"}

id: 119
data: {"t":"c","v":" Do"}

id: 120
data: {"t":"c","v":" you"}

id: 121
data: {"t":"c","v":" want"}

id: 122
data: {"t":"c","v":" a"}

id: 123
data: {"t":"c","v":" formal"}

id: 124
data: {"t":"c","v":" event"}

id: 125
data: {"t":"c","v":","}

id: 126
data: {"t":"c","v":" a"}

id: 127
data: {"t":"c","v":" casual"}

id: 128
data: {"t":"c","v":" gathering"}

id: 129
data: {"t":"c","v":","}

id: 130
data: {"t":"c","v":" or"}

id: 131
data: {"t":"c","v":" something"}

id: 132
data: {"t":"c","v":" cultural"}

id: 133
data: {"t":"c","v":"/tr"}

id: 134
data: {"t":"c","v":"aditional"}

id: 135
data: {"t":"c","v":"?"}

id: 136
data: {"t":"c","v":" This"}

id: 137
data: {"t":"c","v":" will"}

id: 138
data: {"t":"c","v":" guide"}

id: 139
data: {"t":"c","v":" décor"}

id: 140
data: {"t":"c","v":","}

id: 141
data: {"t":"c","v":" outfits"}

id: 142
data: {"t":"c","v":","}

id: 143
data: {"t":"c","v":" and"}

id: 144
data: {"t":"c","v":" more"}

id: 145
data: {"t":"c","v":".\n"}

id: 146
data: {"t":"c","v":"5"}

id: 147
data: {"t":"c","v":"."}

id: 148
data: {"t":"c","v":" **"}

id: 149
data: {"t":"c","v":"V"}

id: 150
data: {"t":"c","v":"endors"}

id: 151
data: {"t":"c","v":"**"}

id: 152
data: {"t":"c","v":":"}

id: 153
data: {"t":"c","v":" Think"}

id: 154
data: {"t":"c","v":" about"}

id: 155
data: {"t":"c","v":" catering"}

id: 156
data: {"t":"c","v":","}

id: 157
data: {"t":"c","v":" photography"}

id: 158
data: {"t":"c","v":","}

id: 159
data: {"t":"c","v":" and"}

id: 160
data: {"t":"c","v":" décor"}

id: 161
data: {"t":"c","v":"."}

id: 162
data: {"t":"c","v":" These"}

id: 163
data: {"t":"c","v":" are"}

id: 164
data: {"t":"c","v":" the"}

id: 165
data: {"t":"c","v":" key"}

id: 166
data: {"t":"c","v":" elements"}

id: 167
data: {"t":"c","v":" to"}

id: 168
data: {"t":"c","v":" lock"}

id: 169
data: {"t":"c","v":" in"}

id: 170
data: {"t":"c","v":" early"}

id: 171
data: {"t":"c","v":".\n\n"}

id: 172
data: {"t":"c","v":"What"}

id: 173
data: {"t":"c","v":"’s"}

id: 174
data: {"t":"c","v":" already"}

id: 175
data: {"t":"c","v":" decided"}

id: 176
data: {"t":"c","v":"?"}

id: 177
data: {"t":"c","v":" Date"}

id: 178
data: {"t":"c","v":","}

id: 179
data: {"t":"c","v":" venue"}

id: 180
data: {"t":"c","v":","}

id: 181
data: {"t":"c","v":" or"}

id: 182
data: {"t":"c","v":" guest"}

id: 183
data: {"t":"c","v":" list"}

id: 184
data: {"t":"c","v":"?"}

id: 185
data: {"t":"c","v":" Or"}

id: 186
data: {"t":"c","v":" should"}

id: 187
data: {"t":"c","v":" we"}

id: 188
data: {"t":"c","v":" start"}

id: 189
data: {"t":"c","v":" from"}

id: 190
data: {"t":"c","v":" scratch"}

id: 191
data: {"t":"c","v":"?"}

id: 192
data: {"t":"d","text":"Planning your engagement is such an exciting step! Let’s break it into manageable pieces so it feels easier. Here’s a quick starting checklist:\n\n1. **Set the Date**: Decide on a date and time for your engagement celebration.\n2. **Choose a Venue**: Will it be at home, a banquet hall, or an outdoor space? Venues can book up quickly, so this is a priority.\n3. **Guest List**: Draft a list of who you’d like to invite. This helps with venue size and catering decisions.\n4. **Theme and Style**: Do you want a formal event, a casual gathering, or something cultural/traditional? This will guide décor, outfits, and more.\n5. **Vendors**: Think about catering, photography, and décor. These are the key elements to lock in early.\n\nWhat’s already decided? Date, venue, or guest list? Or should we start from scratch?","toolActions":[],"mode":"planner","detectedLanguage":"en","responseLanguage":"en","audioUrl":null,"imageUrl":null,"imageUrls":[],"products":[],"productsHasMore":false}

