id: 1
data: {"t":"c","v":"Planning"}

id: 2
data: {"t":"c","v":" your"}

id: 3
data: {"t":"c","v":" engagement"}

id: 4
data: {"t":"c","v":" is"}

id: 5
data: {"t":"c","v":" such"}

id: 6
data: {"t":"c","v":" an"}

id: 7
data: {"t":"c","v":" exciting"}

id: 8
data: {"t":"c","v":" step"}

id: 9
data: {"t":"c","v":"!"}

id: 10
data: {"t":"c","v":" Let"}

id: 11
data: {"t":"c","v":"’s"}

id: 12
data: {"t":"c","v":" break"}

id: 13
data: {"t":"c","v":" it"}

id: 14
data: {"t":"c","v":" down"}

id: 15
data: {"t":"c","v":" into"}

id: 16
data: {"t":"c","v":" manageable"}

id: 17
data: {"t":"c","v":" pieces"}

id: 18
data: {"t":"c","v":" so"}

id: 19
data: {"t":"c","v":" it"}

id: 20
data: {"t":"c","v":" feels"}

id: 21
data: {"t":"c","v":" easy"}

id: 22
data: {"t":"c","v":" and"}

id: 23
data: {"t":"c","v":" organized"}

id: 24
data: {"t":"c","v":"."}

id: 25
data: {"t":"c","v":" Here's"}

id: 26
data: {"t":"c","v":" where"}

id: 27
data: {"t":"c","v":" we"}

id: 28
data: {"t":"c","v":" can"}

id: 29
data: {"t":"c","v":" start"}

id: 30
data: {"t":"c","v":":\n\n"}

id: 31
data: {"t":"c","v":"1"}

id: 32
data: {"t":"c","v":"."}

id: 33
data: {"t":"c","v":" **"}

id: 34
data: {"t":"c","v":"Set"}

id: 35
data: {"t":"c","v":" a"}

id: 36
data: {"t":"c","v":" Date"}

id: 37
data: {"t":"c","v":" and"}

id: 38
data: {"t":"c","v":" Budget"}

id: 39
data: {"t":"c","v":"**"}

id: 40
data: {"t":"c","v":":"}

id: 41
data: {"t":"c","v":" Decide"}

id: 42
data: {"t":"c","v":" when"}

id: 43
data: {"t":"c","v":" you'd"}

id: 44
data: {"t":"c","v":" like"}

id: 45
data: {"t":"c","v":" to"}

id: 46
data: {"t":"c","v":" host"}

id: 47
data: {"t":"c","v":" the"}

id: 48
data: {"t":"c","v":" engagement"}

id: 49
data: {"t":"c","v":" and"}

id: 50
data: {"t":"c","v":" how"}

id: 51
data: {"t":"c","v":" much"}

id: 52
data: {"t":"c","v":" you'd"}

id: 53
data: {"t":"c","v":" like"}

id: 54
data: {"t":"c","v":" to"}

id: 55
data: {"t":"c","v":" spend"}

id: 56
data: {"t":"c","v":".\n"}

id: 57
data: {"t":"c","v":"2"}

id: 58
data: {"t":"c","v":"."}

id: 59
data: {"t":"c","v":" **"}

id: 60
data: {"t":"c","v":"Choose"}

id: 61
data: {"t":"c","v":" a"}

id: 62
data: {"t":"c","v":" Venue"}

id: 63
data: {"t":"c","v":"**"}

id: 64
data: {"t":"c","v":":"}

id: 65
data: {"t":"c","v":" Think"}

id: 66
data: {"t":"c","v":" about"}

id: 67
data: {"t":"c","v":" whether"}

id: 68
data: {"t":"c","v":" you"}

id: 69
data: {"t":"c","v":" want"}

id: 70
data: {"t":"c","v":" it"}

id: 71
data: {"t":"c","v":" at"}

id: 72
data: {"t":"c","v":" home"}

id: 73
data: {"t":"c","v":","}

id: 74
data: {"t":"c","v":" a"}

id: 75
data: {"t":"c","v":" banquet"}

id: 76
data: {"t":"c","v":" hall"}

id: 77
data: {"t":"c","v":","}

id: 78
data: {"t":"c","v":" a"}

id: 79
data: {"t":"c","v":" rooftop"}

id: 80
data: {"t":"c","v":","}

id: 81
data: {"t":"c","v":" or"}

id: 82
data: {"t":"c","v":" an"}

id: 83
data: {"t":"c","v":" outdoor"}

id: 84
data: {"t":"c","v":" space"}

id: 85
data: {"t":"c","v":".\n"}

id: 86
data: {"t":"c","v":"3"}

id: 87
data: {"t":"c","v":"."}

id: 88
data: {"t":"c","v":" **"}

id: 89
data: {"t":"c","v":"Guest"}

id: 90
data: {"t":"c","v":" List"}

id: 91
data: {"t":"c","v":"**"}

id: 92
data: {"t":"c","v":":"}

id: 93
data: {"t":"c","v":" Decide"}

id: 94
data: {"t":"c","v":" how"}

id: 95
data: {"t":"c","v":" intimate"}

id: 96
data: {"t":"c","v":" or"}

id: 97
data: {"t":"c","v":" large"}

id: 98
data: {"t":"c","v":" you"}

id: 99
data: {"t":"c","v":" want"}

id: 100
data: {"t":"c","v":" the"}

id: 101
data: {"t":"c","v":" celebration"}

id: 102
data: {"t":"c","v":" to"}

id: 103
data: {"t":"c","v":" be"}

id: 104
data: {"t":"c","v":".\n"}

id: 105
data: {"t":"c","v":"4"}

id: 106
data: {"t":"c","v":"."}

id: 107
data: {"t":"c","v":" **"}

id: 108
data: {"t":"c","v":"Theme"}

id: 109
data: {"t":"c","v":" and"}

id: 110
data: {"t":"c","v":" Decor"}

id: 111
data: {"t":"c","v":"**"}

id: 112
data: {"t":"c","v":":"}

id: 113
data: {"t":"c","v":" Pick"}

id: 114
data: {"t":"c","v":" a"}

id: 115
data: {"t":"c","v":" theme"}

id: 116
data: {"t":"c","v":" or"}

id: 117
data: {"t":"c","v":" color"}

id: 118
data: {"t":"c","v":" palette"}

id: 119
data: {"t":"c","v":" to"}

id: 120
data: {"t":"c","v":" guide"}

id: 121
data: {"t":"c","v":" the"}

id: 122
data: {"t":"c","v":" decorations"}

id: 123
data: {"t":"c","v":".\n"}

id: 124
data: {"t":"c","v":"5"}

id: 125
data: {"t":"c","v":"."}

id: 126
data: {"t":"c","v":" **"}

id: 127
data: {"t":"c","v":"V"}

id: 128
data: {"t":"c","v":"endors"}

id: 129
data: {"t":"c","v":"**"}

id: 130
data: {"t":"c","v":":"}

id: 131
data: {"t":"c","v":" Plan"}

id: 132
data: {"t":"c","v":" for"}

id: 133
data: {"t":"c","v":" catering"}

id: 134
data: {"t":"c","v":","}

id: 135
data: {"t":"c","v":" photography"}

id: 136
data: {"t":"c","v":","}

id: 137
data: {"t":"c","v":" and"}

id: 138
data: {"t":"c","v":" any"}

id: 139
data: {"t":"c","v":" entertainment"}

id: 140
data: {"t":"c","v":".\n\n"}

id: 141
data: {"t":"c","v":"Would"}

id: 142
data: {"t":"c","v":" you"}

id: 143
data: {"t":"c","v":" like"}

id: 144
data: {"t":"c","v":" to"}

id: 145
data: {"t":"c","v":" start"}

id: 146
data: {"t":"c","v":" with"}

id: 147
data: {"t":"c","v":" the"}

id: 148
data: {"t":"c","v":" date"}

id: 149
data: {"t":"c","v":" and"}

id: 150
data: {"t":"c","v":" budget"}

id: 151
data: {"t":"c","v":","}

id: 152
data: {"t":"c","v":" or"}

id: 153
data: {"t":"c","v":" should"}

id: 154
data: {"t":"c","v":" we"}

id: 155
data: {"t":"c","v":" dive"}

id: 156
data: {"t":"c","v":" into"}

id: 157
data: {"t":"c","v":" venues"}

id: 158
data: {"t":"c","v":"?"}

id: 159
data: {"t":"d","text":"Planning your engagement is such an exciting step! Let’s break it down into manageable pieces so it feels easy and organized. Here's where we can start:\n\n1. **Set a Date and Budget**: Decide when you'd like to host the engagement and how much you'd like to spend.\n2. **Choose a Venue**: Think about whether you want it at home, a banquet hall, a rooftop, or an outdoor space.\n3. **Guest List**: Decide how intimate or large you want the celebration to be.\n4. **Theme and Decor**: Pick a theme or color palette to guide the decorations.\n5. **Vendors**: Plan for catering, photography, and any entertainment.\n\nWould you like to start with the date and budget, or should we dive into venues?","toolActions":[],"mode":"planner","detectedLanguage":"en","responseLanguage":"en","audioUrl":null,"imageUrl":null,"imageUrls":[],"products":[],"productsHasMore":false}

