id: 1
data: {"t":"c","v":"Could"}

id: 2
data: {"t":"c","v":" you"}

id: 3
data: {"t":"c","v":" clarify"}

id: 4
data: {"t":"c","v":" a"}

id: 5
data: {"t":"c","v":" bit"}

id: 6
data: {"t":"c","v":"?"}

id: 7
data: {"t":"c","v":" Are"}

id: 8
data: {"t":"c","v":" you"}

id: 9
data: {"t":"c","v":" looking"}

id: 10
data: {"t":"c","v":" for"}

id: 11
data: {"t":"c","v":" inspiration"}

id: 12
data: {"t":"c","v":" for"}

id: 13
data: {"t":"c","v":" bridal"}

id: 14
data: {"t":"c","v":" leh"}

id: 15
data: {"t":"c","v":"eng"}

id: 16
data: {"t":"c","v":"as"}

id: 17
data: {"t":"c","v":","}

id: 18
data: {"t":"c","v":" sare"}

id: 19
data: {"t":"c","v":"es"}

id: 20
data: {"t":"c","v":","}

id: 21
data: {"t":"c","v":" gowns"}

id: 22
data: {"t":"c","v":","}

id: 23
data: {"t":"c","v":" or"}

id: 24
data: {"t":"c","v":" a"}

id: 25
data: {"t":"c","v":" mix"}

id: 26
data: {"t":"c","v":" of"}

id: 27
data: {"t":"c","v":" styles"}

id: 28
data: {"t":"c","v":"?"}

id: 29
data: {"t":"c","v":" Let"}

id: 30
data: {"t":"c","v":" me"}

id: 31
data: {"t":"c","v":" know"}

id: 32
data: {"t":"c","v":","}

id: 33
data: {"t":"c","v":" and"}

id: 34
data: {"t":"c","v":" I"}

id: 35
data: {"t":"c","v":"’ll"}

id: 36
data: {"t":"c","v":" guide"}

id: 37
data: {"t":"c","v":" you"}

id: 38
data: {"t":"c","v":"!"}

id: 39
data: {"t":"d","text":"Could you clarify a bit? Are you looking for inspiration for bridal lehengas, sarees, gowns, or a mix of styles? Let me know, and I’ll guide you!","toolActions":[],"mode":"stylist","detectedLanguage":"en","responseLanguage":"en","audioUrl":null,"imageUrl":null,"imageUrls":[],"products":[],"productsHasMore":false}

