0.006283,200
0.011314,200
0.013155,200
0.015197,200
0.016478,200
0.026383,200
0.027833,200
0.028759,200
0.029387,200
0.030032,200
0.030168,200
0.030499,200
0.029326,200
0.031491,200
0.030899,200
0.031434,200
0.031769,200
0.033300,200
0.033657,200
0.034143,200
0.035288,200
0.035180,200
0.036180,200
0.036433,200
0.035669,200
0.037716,200
0.038887,200
0.009764,200
0.009526,200
0.007382,200
0.006530,200
0.005670,200
0.006939,200
0.007352,200
0.004179,200
0.002015,200
0.001047,200
0.001571,200
0.002210,200
0.001064,200
0.002950,200
0.002903,200
0.000530,200
0.000827,200
0.001522,200
0.003161,200
0.004136,200
0.004399,200
0.005310,200
0.006395,200
0.006745,200
0.007352,200
0.005414,200
0.004933,200
0.005510,200
0.002469,200
0.001843,200
0.000918,200
0.002242,200
0.001887,200
0.001924,200
0.002459,200
0.002853,200
0.001664,200
0.000741,200
0.001124,200
0.001172,200
0.001525,200
0.002113,200
0.001612,200
0.001903,200
0.002245,200
0.002197,200
0.003087,200
0.003817,200
0.003473,200
0.002091,200
0.003504,200
0.003658,200
0.002722,200
0.001880,200
0.001227,200
0.001769,200
0.001472,200
0.002059,200
0.002458,200
0.002927,200
0.003301,200
0.003505,200
0.003385,200
0.003874,200
0.004426,200
0.005486,200
0.005892,200
0.004872,200
0.004763,200
0.004920,200
0.004508,200
0.004129,200
0.004248,200
0.001403,200
0.001960,200
0.001882,200
0.000776,200
0.002713,200
0.002608,200
0.002050,200
0.000994,200
0.002639,200
0.003557,200
0.003666,200
0.004073,200
0.001029,200
0.000913,200
0.000764,200
0.001035,200
0.000993,200
0.001248,200
0.001544,200
0.001817,200
0.001951,200
0.001735,200
0.002448,200
0.002319,200
0.001918,200
0.002963,200
0.002587,200
0.001595,200
0.001864,200
0.002011,200
0.000943,200
0.001815,200
0.001853,200
0.000926,200
0.001428,200
0.001766,200
0.002350,200
0.001554,200
0.002039,200
0.003109,200
0.002355,200
0.002463,200
0.000943,200
0.001994,200
0.002654,200
0.002772,200
0.002912,200
0.003051,200
0.003442,200
0.003260,200
0.002659,200
0.001534,200
0.001676,200
0.001286,200
0.001104,200
0.002072,200
0.000570,200
0.000640,200
0.001124,200
0.003517,200
0.003495,200
0.004035,200
0.004202,200
0.001443,200
0.001786,200
0.002080,200
0.002075,200
0.002694,200
0.003459,200
0.001081,200
0.001689,200
0.001889,200
0.003032,200
0.003080,200
0.001105,200
0.000861,200
0.000434,200
0.000695,200
0.000552,200
0.000490,200
0.002812,200
0.003409,200
0.003801,200
0.002973,200
0.002904,200
0.003153,200
0.004202,200
0.002700,200
0.001047,200
0.003176,200
0.001274,200
0.001203,200
0.001940,200
0.001081,200
0.000937,200
0.000856,200
0.000845,200
0.000905,200
0.000728,200
0.002873,200
0.002551,200
0.002680,200
0.002349,200
0.002126,200
0.000869,200
0.000601,200
0.000521,200
0.001302,200
0.002459,200
0.002900,200
0.003167,200
0.001068,200
0.000543,200
0.000776,200
0.001481,200
0.002143,200
0.002429,200
0.001033,200
0.000971,200
0.002858,200
0.003300,200
0.001220,200
0.001039,200
0.001180,200
0.000408,200
0.000683,200
0.000775,200
0.000989,200
0.001242,200
0.001094,200
0.001410,200
0.000797,200
0.000874,200
0.001800,200
0.003149,200
0.004105,200
0.004451,200
0.002005,200
0.001457,200
0.000450,200
0.000623,200
0.001287,200
0.001420,200
0.001811,200
0.002303,200
0.002255,200
0.003698,200
0.003868,200
0.004178,200
0.001876,200
0.001818,200
0.001581,200
0.002255,200
0.002762,200
0.002662,200
0.003612,200
0.002438,200
0.004809,200
0.004807,200
0.005501,200
0.001783,200
0.002664,200
0.001604,200
0.001149,200
0.001872,200
0.002168,200
0.002652,200
0.004004,200
0.003164,200
0.000536,200
0.001218,200
0.002245,200
0.001061,200
0.000843,200
0.002205,200
0.002360,200
0.001173,200
0.002354,200
0.000727,200
0.001074,200
0.001131,200
0.000954,200
0.000689,200
0.001261,200
0.000447,200
0.000380,200
0.000702,200
0.001530,200
0.001051,200
0.000782,200
0.001258,200
0.001817,200
0.002241,200
0.002484,200
0.002410,200
0.002759,200
0.001982,200
0.002269,200
0.001682,200
0.001880,200
0.001422,200
0.002007,200
0.001131,200
0.002104,200
0.002279,200
0.002017,200
0.002093,200
0.000397,200
0.000448,200
0.001337,200
0.001917,200
0.001410,200
0.001772,200
0.001140,200
0.001135,200
0.001359,200
0.000684,200
0.000926,200
0.001093,200
0.001130,200
0.001347,200
0.001263,200
0.001232,200
0.002605,200
0.002355,200
0.002588,200
0.003668,200
0.001719,200
0.001805,200
0.001549,200
0.001439,200
0.001646,200
0.002033,200
0.002432,200
0.001888,200
0.001189,200
0.001383,200
0.004721,200
0.005021,200
0.005067,200
0.006238,200
0.006651,200
0.001764,200
0.001559,200
0.000882,200
0.001368,200
0.001351,200
0.001959,200
0.001633,200
0.001604,200
0.001255,200
0.000856,200
0.001349,200
0.000725,200
0.001717,200
0.003588,200
0.004069,200
0.004353,200
0.004294,200
0.002322,200
0.001039,200
0.000787,200
0.000977,200
0.001070,200
0.005202,200
0.006502,200
0.005884,200
0.005183,200
0.000568,200
0.000367,200
0.000334,200
0.000550,200
0.001085,200
0.001016,200
0.000666,200
0.000567,200
0.000451,200
0.001006,200
0.002053,200
0.001356,200
0.001302,200
0.001836,200
0.002099,200
0.001401,200
0.002543,200
0.003456,200
0.004323,200
0.002660,200
0.001366,200
0.001044,200
0.001109,200
0.000858,200
0.001170,200
0.000518,200
0.001523,200
0.001745,200
0.002132,200
0.000733,200
0.000528,200
0.000523,200
0.001426,200
0.002233,200
0.002060,200
0.002153,200
0.001049,200
0.001421,200
0.000535,200
0.000285,200
0.000262,200
0.001691,200
0.003020,200
0.003312,200
0.004009,200
0.003946,200
0.004202,200
0.000970,200
0.001165,200
0.001030,200
0.001548,200
0.001786,200
0.001774,200
0.001303,200
0.002109,200
0.000744,200
0.000910,200
0.000567,200
0.001305,200
0.001895,200
0.002204,200
0.004475,200
0.004197,200
0.005295,200
0.004970,200
0.005841,200
0.002610,200
0.004171,200
0.004521,200
0.004628,200
0.004334,200
0.005388,200
0.005064,200
0.004275,200
0.005603,200
0.004131,200
0.001827,200
0.002957,200
0.001048,200
0.002081,200
0.002019,200
0.002280,200
0.003144,200
0.003254,200
0.003814,200
0.003898,200
0.003995,200
0.004700,200
0.004898,200
0.005333,200
0.005164,200
0.005440,200
0.002112,200
0.002072,200
0.002362,200
0.001143,200
0.000811,200
0.000731,200
0.000742,200
0.000996,200
0.000941,200
0.002745,200
0.001490,200
0.001461,200
0.001020,200
0.001538,200
0.001915,200
0.000895,200
0.000830,200
0.000791,200
0.001036,200
0.001832,200
0.000973,200
0.001297,200
0.002295,200
0.001995,200
0.001125,200
0.001343,200
0.002213,200
0.001787,200
0.001671,200
0.001345,200
0.001685,200
0.001683,200
0.000592,200
0.000363,200
0.000776,200
0.000897,200
0.000730,200
0.001080,200
0.001321,200
0.001554,200
0.001092,200
0.001558,200
0.001951,200
0.001265,200
0.001927,200
0.003256,200
0.001547,200
0.001293,200
0.002012,200
0.001047,200
0.001160,200
0.001426,200
0.001119,200
0.001738,200
0.000819,200
0.001140,200
0.000739,200
0.000631,200
0.001187,200
0.001305,200
0.001984,200
0.002777,200
0.003145,200
0.001489,200
0.001160,200
0.000866,200
0.001214,200
0.000593,200
0.001493,200
0.003059,200
0.007444,200
0.002317,200
0.001940,200
0.002142,200
0.001543,200
0.001182,200
0.000861,200
0.002023,200
0.002309,200
0.002542,200
0.002409,200
0.002959,200
0.003085,200
0.002932,200
0.003179,200
0.001932,200
0.001160,200
0.001756,200
0.001904,200
0.002229,200
0.002616,200
0.001615,200
0.000808,200
0.000315,200
0.001483,200
0.001622,200
0.002539,200
0.002648,200
0.002251,200
0.000699,200
0.001001,200
0.002105,200
0.002432,200
0.002782,200
0.001352,200
0.001026,200
0.000934,200
0.001308,200
0.001795,200
0.002417,200
0.002266,200
0.001208,200
0.001522,200
0.000770,200
0.000694,200
0.000951,200
0.001363,200
0.001763,200
0.001935,200
0.001843,200
0.001683,200
0.002334,200
0.002623,200
0.001918,200
0.001418,200
0.001348,200
0.001645,200
0.001838,200
0.002074,200
0.002804,200
0.002958,200
0.002594,200
0.001827,200
0.001502,200
0.001704,200
0.001701,200
0.001960,200
0.001949,200
0.002246,200
0.002429,200
0.000852,200
0.001175,200
0.000922,200
0.000380,200
0.000476,200
0.000546,200
0.000839,200
0.000687,200
0.000649,200
0.000324,200
0.000370,200
0.000488,200
0.000748,200
0.001533,200
0.000751,200
0.001199,200
0.002485,200
0.002063,200
0.001035,200
0.001726,200
0.000770,200
0.000696,200
0.000954,200
0.000987,200
0.001944,200
0.002026,200
0.001154,200
0.000467,200
0.000587,200
0.001024,200
0.000582,200
0.000549,200
0.000929,200
0.000407,200
0.000326,200
0.000419,200
0.000770,200
0.001461,200
0.001880,200
0.001346,200
0.001517,200
0.001271,200
0.001997,200
0.001226,200
0.000713,200
0.000770,200
0.000824,200
0.000502,200
0.000709,200
0.001161,200
0.001193,200
0.000810,200
0.001519,200
0.001593,200
0.001531,200
0.001423,200
0.001113,200
0.001451,200
0.001914,200
0.001958,200
0.002272,200
0.002037,200
0.002464,200
0.002472,200
0.001850,200
0.001920,200
0.002005,200
0.000660,200
0.000903,200
0.001121,200
0.001901,200
0.002091,200
0.002280,200
0.002876,200
0.000955,200
0.000856,200
0.001192,200
0.001056,200
0.001356,200
0.005072,200
0.003951,200
0.005324,200
0.005600,200
0.006465,200
0.001257,200
0.001911,200
0.001344,200
0.001631,200
0.001777,200
0.001107,200
0.001302,200
0.001320,200
0.000985,200
0.000471,200
0.001370,200
0.001160,200
0.000738,200
0.000387,200
0.000565,200
0.000384,200
0.001156,200
0.000949,200
0.000731,200
0.000908,200
0.000884,200
0.001924,200
0.000901,200
0.000925,200
0.001337,200
0.000553,200
0.001460,200
0.001078,200
0.001691,200
0.001490,200
0.000921,200
0.000706,200
0.000999,200
0.001099,200
0.000965,200
0.001283,200
0.000780,200
0.000960,200
0.001657,200
0.001967,200
0.002032,200
0.001571,200
0.002931,200
0.002492,200
0.002544,200
0.002385,200
0.003086,200
0.003124,200
0.000830,200
0.001014,200
0.001773,200
0.001632,200
0.001768,200
0.001749,200
0.000697,200
0.001542,200
0.000974,200
0.002311,200
0.001928,200
0.000959,200
0.001277,200
0.001765,200
0.002121,200
0.000845,200
0.000509,200
0.001040,200
0.001362,200
0.002719,200
0.002754,200
0.002751,200
0.001728,200
0.001774,200
0.003315,200
0.003042,200
0.003071,200
0.001449,200
0.001667,200
0.001980,200
0.000402,200
0.000628,200
0.000676,200
0.000637,200
0.000324,200
0.000599,200
0.001567,200
0.001369,200
0.001794,200
0.001757,200
0.000557,200
0.002189,200
0.000401,200
0.000670,200
0.000892,200
0.001012,200
0.000754,200
0.001184,200
0.001126,200
0.001023,200
0.001100,200
0.000871,200
0.002099,200
0.002812,200
0.001923,200
0.000512,200
0.001004,200
0.000733,200
0.000644,200
0.001166,200
0.001305,200
0.001943,200
0.002035,200
0.000924,200
0.000349,200
0.000783,200
0.000836,200
0.000449,200
0.002309,200
0.001602,200
0.001585,200
0.001448,200
0.001531,200
0.001157,200
0.001564,200
0.000688,200
0.000658,200
0.001728,200
0.002171,200
0.002857,200
0.001797,200
0.001997,200
0.001797,200
0.002091,200
0.002417,200
0.002663,200
0.003037,200
0.003492,200
0.003453,200
0.003880,200
0.001043,200
0.003897,200
0.003949,200
0.004040,200
0.003986,200
0.001998,200
0.002470,200
0.003307,200
0.001836,200
0.002168,200
0.002204,200
0.002716,200
0.003321,200
0.000808,200
0.001481,200
0.001397,200
0.001763,200
0.000755,200
0.001371,200
0.002315,200
0.002761,200
0.001585,200
0.001690,200
0.001778,200
0.001588,200
0.001901,200
0.000974,200
0.000760,200
0.000633,200
0.000589,200
0.000500,200
0.000533,200
0.000607,200
0.001083,200
0.000756,200
0.000388,200
0.001959,200
0.001685,200
0.001927,200
0.002771,200
0.001602,200
0.002003,200
0.002024,200
0.002254,200
0.002714,200
0.003872,200
0.003006,200
0.003835,200
0.000709,200
0.001075,200
0.001219,200
0.001208,200
0.000632,200
0.000869,200
0.000874,200
0.001349,200
0.001127,200
0.001468,200
0.001282,200
0.000767,200
0.000695,200
0.000991,200
0.000685,200
0.000983,200
0.000297,200
0.000471,200
0.000576,200
0.000631,200
0.001103,200
0.001489,200
0.001029,200
0.000868,200
0.000947,200
0.001097,200
0.001090,200
0.001297,200
0.001109,200
0.001148,200
0.001399,200
0.001211,200
0.000984,200
0.001029,200
0.001003,200
0.000637,200
0.000534,200
0.000492,200
0.000362,200
0.000368,200
0.000559,200
0.000730,200
0.001670,200
0.001765,200
0.003265,200
0.002686,200
0.001377,200
0.000992,200
0.001578,200
0.001859,200
0.002118,200
0.003157,200
0.002753,200
0.001271,200
0.000616,200
0.000703,200
0.001096,200
0.002645,200
0.002492,200
0.002815,200
0.002889,200
0.001296,200
0.002105,200
0.001995,200
0.001368,200
0.001295,200
0.000673,200
0.000649,200
0.000755,200
0.001092,200
0.001087,200
0.001557,200
0.001854,200
0.001609,200
0.001121,200
0.002093,200
0.001291,200
0.001262,200
0.000874,200
0.001142,200
0.001538,200
0.001219,200
0.000736,200
0.001254,200
0.001209,200
0.001717,200
0.001823,200
0.001608,200
0.001837,200
0.001047,200
0.000723,200
0.000655,200
0.000926,200
0.001591,200
0.001278,200
0.000777,200
0.001089,200
0.000771,200
0.000349,200
0.000761,200
0.000999,200
0.000864,200
0.000934,200
0.001839,200
0.001063,200
0.001101,200
0.000630,200
0.000637,200
0.000497,200
0.000548,200
0.000770,200
0.000872,200
0.002322,200
0.000759,200
0.001739,200
0.001534,200
0.001253,200
0.000940,200
0.001600,200
0.002027,200
0.001940,200
0.002282,200
0.002953,200
0.001621,200
0.001965,200
0.001930,200
0.001604,200
0.001595,200
0.000506,200
0.000640,200
